❌ SPICE_PASS environment variable must be set for command 'run'
